atom_intern
atom_intern_static_string
beep
bitmap_create_from_data
colormap_get_system_size
draw_layout_with_colors
event_get
event_get_graphics_expose
event_peek
events_pending
flush
font_from_description
font_from_description_for_display
font_load_for_display
fontset_load
fontset_load_for_display
get_default_root_window
get_show_events
keyboard_grab
keyboard_ungrab
keyval_convert_case
keyval_from_name
keyval_is_lower
keyval_is_upper
keyval_name
keyval_to_lower
keyval_to_unicode
keyval_to_upper
pixbuf_loader_new
pixbuf_loader_new_with_mime_type
pixmap_create_from_data
pixmap_foreign_new
pixmap_foreign_new_for_display
pixmap_foreign_new_for_screen
pixmap_lookup
pixmap_lookup_for_display
pointer_grab
pointer_is_grabbed
pointer_ungrab
query_depths
query_visual_types
rgb_ditherable
rgb_gc_set_background
rgb_gc_set_foreground
rgb_get_cmap
rgb_get_colormap
rgb_get_visual
rgb_set_install
rgb_set_min_colors
rgb_set_verbose
rgb_xpixel_from_rgb
selection_owner_get
selection_owner_get_for_display
selection_owner_set
selection_owner_set_for_display
selection_send_notify
selection_send_notify_for_display
set_double_click_time
set_show_events
set_sm_client_id
threads_enter
threads_init
threads_leave
unicode_to_keyval
