__construct
__tostring
at_pointer
begin_move_drag
begin_paint_rect
begin_resize_drag
block
clear
clear_area
clear_area_e
configure_finished
connect
connect_after
connect_object
connect_object_after
connect_simple
connect_simple_after
deiconify
destroy
disconnect
draw_arc
draw_drawable
draw_glyphs
draw_gray_image
draw_image
draw_layout
draw_line
draw_pixbuf
draw_point
draw_rectangle
draw_rgb_32_image
draw_rgb_image
draw_string
draw_text
emit
emit_stop_by_name
enable_synchronized_configure
end_paint
focus
foreign_new
foreign_new_for_display
freeze_notify
freeze_updates
fullscreen
get_children
get_colormap
get_data
get_depth
get_deskrelative_origin
get_display
get_events
get_frame_extents
get_geometry
get_group
get_image
get_origin
get_parent
get_pointer
get_position
get_property
get_root_origin
get_screen
get_size
get_state
get_toplevel
get_toplevels
get_type_hint
get_visual
get_window_type
hide
iconify
image_get
input_set_extension_events
input_shape_combine_mask
invalidate_rect
is_connected
is_viewable
is_visible
lookup
lookup_for_display
lower
maximize
merge_child_input_shapes
merge_child_shapes
move
move_resize
notify
process_all_updates
process_updates
property_change
property_delete
raise
ref
register_dnd
reparent
resize
scroll
selection_convert
set_accept_focus
set_back_pixmap
set_background
set_child_input_shapes
set_child_shapes
set_colormap
set_cursor
set_data
set_debug_updates
set_decorations
set_events
set_focus_on_map
set_functions
set_group
set_hints
set_icon
set_icon_list
set_icon_name
set_keep_above
set_keep_below
set_modal_hint
set_override_redirect
set_property
set_role
set_skip_pager_hint
set_skip_taskbar_hint
set_static_gravities
set_title
set_transient_for
set_type_hint
shape_combine_mask
show
signal_list_ids
signal_list_names
signal_query
stick
stop_emission
thaw_notify
thaw_updates
unblock
unfullscreen
unmaximize
unref
unstick
withdraw
