accel_groups_from_object
accel_map_add_entry
accel_map_add_filter
accel_map_change_entry
accel_map_load
accel_map_load_fd
accel_map_lock_path
accel_map_lookup_entry
accel_map_save
accel_map_save_fd
accel_map_unlock_path
accelerator_get_default_mod_mask
accelerator_get_label
accelerator_name
accelerator_parse
accelerator_set_default_mod_mask
accelerator_valid
bindings_activate
bindings_activate_event
check_version
disable_setlocale
drag_set_default_icon
drag_set_icon_name
draw_insertion_cursor
events_pending
get_current_event
get_current_event_state
get_current_event_time
get_default_language
get_version
grab_get_current
icon_size_from_name
icon_size_get_name
icon_size_lookup
icon_size_lookup_for_settings
icon_size_register
icon_size_register_alias
idle_add
idle_add_priority
idle_remove
input_remove
io_add_watch
io_add_watch_priority
link_button_new
main
main_do_event
main_iteration
main_iteration_do
main_level
main_quit
paper_size_get_default
paper_size_new_custom
paper_size_new_from_ppd
print_run_page_setup_dialog
quit_add
quit_remove
rc_add_default_file
rc_find_module_in_path
rc_get_default_files
rc_get_im_module_file
rc_get_im_module_path
rc_get_module_dir
rc_get_style_by_paths
rc_get_theme_dir
rc_parse
rc_parse_string
rc_reparse_all
rc_reparse_all_for_settings
rc_reset_styles
recent_chooser_menu_new
recent_chooser_widget_new
selection_owner_set_for_display
stock_list_ids
stock_lookup
timeout_add
timeout_add_priority
timeout_remove
tooltips_data_get
