__construct
__tostring
activate
activate_default
activate_focus
activate_key
add
add_accel_group
add_accelerator
add_action_widget
add_button
add_buttons
add_events
add_filter
add_mnemonic
add_mnemonic_label
add_shortcut_folder
add_shortcut_folder_uri
begin_move_drag
begin_resize_drag
block
can_activate_accel
check_resize
child_focus
child_notify
child_type
children
class_path
connect
connect_after
connect_object
connect_object_after
connect_simple
connect_simple_after
create_pango_context
create_pango_layout
deiconify
destroy
disconnect
drag_begin
drag_check_threshold
drag_dest_add_image_targets
drag_dest_add_text_targets
drag_dest_add_uri_targets
drag_dest_find_target
drag_dest_get_target_list
drag_dest_get_track_motion
drag_dest_set
drag_dest_set_proxy
drag_dest_set_target_list
drag_dest_set_track_motion
drag_dest_unset
drag_get_data
drag_highlight
drag_source_add_image_targets
drag_source_add_text_targets
drag_source_add_uri_targets
drag_source_get_target_list
drag_source_set
drag_source_set_icon
drag_source_set_icon_name
drag_source_set_icon_pixbuf
drag_source_set_icon_stock
drag_source_set_target_list
drag_source_unset
drag_unhighlight
draw
emit
emit_stop_by_name
ensure_style
event
flags
freeze_child_notify
freeze_notify
fullscreen
get_accept_focus
get_accessible
get_action
get_allocation
get_ancestor
get_border_width
get_child
get_child_requisition
get_child_visible
get_children
get_clipboard
get_colormap
get_composite_name
get_current_folder
get_current_folder_uri
get_data
get_decorated
get_default_colormap
get_default_direction
get_default_icon_list
get_default_size
get_default_style
get_default_visual
get_deletable
get_destroy_with_parent
get_direction
get_display
get_do_overwrite_confirmation
get_events
get_extension_events
get_extra_widget
get_filename
get_filenames
get_filter
get_focus
get_focus_chain
get_focus_hadjustment
get_focus_on_map
get_focus_vadjustment
get_frame_dimensions
get_gravity
get_group
get_has_frame
get_has_separator
get_icon
get_icon_list
get_icon_name
get_local_only
get_mnemonic_modifier
get_modal
get_modifier_style
get_name
get_no_show_all
get_pango_context
get_parent
get_parent_window
get_pointer
get_position
get_preview_filename
get_preview_uri
get_preview_widget
get_preview_widget_active
get_property
get_resizable
get_resize_mode
get_response_for_widget
get_role
get_root_window
get_screen
get_select_multiple
get_settings
get_show_hidden
get_size
get_size_request
get_skip_pager_hint
get_skip_taskbar_hint
get_style
get_title
get_toplevel
get_transient_for
get_type_hint
get_urgency_hint
get_uri
get_uris
get_use_preview_label
get_visual
grab_add
grab_default
grab_focus
grab_remove
has_screen
has_toplevel_focus
hide
hide_all
hide_on_delete
iconify
input_shape_combine_mask
intersect
is_active
is_ancestor
is_composited
is_connected
is_focus
is_visible
list_filters
list_mnemonic_labels
list_shortcut_folder_uris
list_shortcut_folders
list_toplevels
map
maximize
mnemonic_activate
modify_base
modify_bg
modify_fg
modify_font
modify_style
modify_text
move
notify
parse_geometry
path
pop_colormap
pop_composite_child
present
present_with_time
propagate_expose
propagate_key_event
push_colormap
push_composite_child
queue_clear
queue_clear_area
queue_draw
queue_draw_area
queue_resize
queue_resize_no_redraw
rc_get_style
realize
remove
remove_accel_group
remove_accelerator
remove_filter
remove_mnemonic
remove_mnemonic_label
remove_shortcut_folder
remove_shortcut_folder_uri
render_icon
reparent
reset_rc_styles
reset_shapes
reshow_with_initial_size
resize
resize_children
response
run
select_all
select_filename
select_uri
selection_add_target
selection_add_targets
selection_clear
selection_clear_targets
selection_convert
selection_owner_set
selection_remove_all
send_expose
set_accel_path
set_accept_focus
set_action
set_app_paintable
set_auto_startup_notification
set_border_width
set_child_visible
set_colormap
set_composite_name
set_current_folder
set_current_folder_uri
set_current_name
set_data
set_decorated
set_default
set_default_colormap
set_default_direction
set_default_icon
set_default_icon_from_file
set_default_icon_list
set_default_icon_name
set_default_response
set_default_size
set_deletable
set_destroy_with_parent
set_direction
set_do_overwrite_confirmation
set_double_buffered
set_events
set_extension_events
set_extra_widget
set_filename
set_filter
set_flags
set_focus
set_focus_chain
set_focus_child
set_focus_hadjustment
set_focus_on_map
set_focus_vadjustment
set_frame_dimensions
set_geometry_hints
set_gravity
set_has_frame
set_has_separator
set_icon
set_icon_from_file
set_icon_list
set_icon_name
set_keep_above
set_keep_below
set_local_only
set_mnemonic_modifier
set_modal
set_name
set_no_show_all
set_parent
set_parent_window
set_policy
set_position
set_preview_widget
set_preview_widget_active
set_property
set_reallocate_redraws
set_redraw_on_allocate
set_resizable
set_resize_mode
set_response_sensitive
set_role
set_screen
set_scroll_adjustments
set_select_multiple
set_sensitive
set_show_hidden
set_size_request
set_skip_pager_hint
set_skip_taskbar_hint
set_state
set_style
set_title
set_transient_for
set_type_hint
set_uposition
set_urgency_hint
set_uri
set_use_preview_label
set_usize
set_visible
set_wmclass
shape_combine_mask
show
show_all
show_now
signal_list_ids
signal_list_names
signal_query
size_allocate
size_request
stick
stop_emission
style_get_property
thaw_child_notify
thaw_notify
translate_coordinates
unblock
unfullscreen
unmap
unmaximize
unparent
unrealize
unselect_all
unselect_filename
unselect_uri
unset_flags
unset_focus_chain
unstick
window_mnemonic_activate
