__construct
__tostring
activate
activate_item
add
add_accelerator
add_events
add_mnemonic_label
append
attach
block
can_activate_accel
cancel
check_resize
child_focus
child_notify
child_type
children
class_path
connect
connect_after
connect_object
connect_object_after
connect_simple
connect_simple_after
create_pango_context
create_pango_layout
deactivate
deselect
destroy
detach
disconnect
drag_begin
drag_check_threshold
drag_dest_add_image_targets
drag_dest_add_text_targets
drag_dest_add_uri_targets
drag_dest_find_target
drag_dest_get_target_list
drag_dest_get_track_motion
drag_dest_set
drag_dest_set_proxy
drag_dest_set_target_list
drag_dest_set_track_motion
drag_dest_unset
drag_get_data
drag_highlight
drag_source_add_image_targets
drag_source_add_text_targets
drag_source_add_uri_targets
drag_source_get_target_list
drag_source_set
drag_source_set_icon
drag_source_set_icon_name
drag_source_set_icon_pixbuf
drag_source_set_icon_stock
drag_source_set_target_list
drag_source_unset
drag_unhighlight
draw
emit
emit_stop_by_name
ensure_style
event
flags
freeze_child_notify
freeze_notify
get_accel_group
get_accessible
get_action
get_active
get_allocation
get_ancestor
get_attach_widget
get_border_width
get_child_requisition
get_child_visible
get_children
get_clipboard
get_colormap
get_composite_name
get_data
get_default_colormap
get_default_direction
get_default_style
get_default_visual
get_direction
get_display
get_events
get_extension_events
get_focus_chain
get_focus_hadjustment
get_focus_vadjustment
get_modifier_style
get_name
get_no_show_all
get_pango_context
get_parent
get_parent_window
get_pointer
get_property
get_resize_mode
get_root_window
get_screen
get_settings
get_size_request
get_style
get_take_focus
get_tearoff_state
get_title
get_toplevel
get_visual
grab_add
grab_default
grab_focus
grab_remove
has_screen
hide
hide_all
hide_on_delete
input_shape_combine_mask
insert
intersect
is_ancestor
is_composited
is_connected
is_focus
is_visible
list_mnemonic_labels
map
mnemonic_activate
modify_base
modify_bg
modify_fg
modify_font
modify_style
modify_text
notify
path
pop_colormap
pop_composite_child
popdown
popup
prepend
propagate_expose
push_colormap
push_composite_child
queue_clear
queue_clear_area
queue_draw
queue_draw_area
queue_resize
queue_resize_no_redraw
rc_get_style
realize
remove
remove_accelerator
remove_mnemonic_label
render_icon
reorder_child
reparent
reposition
reset_rc_styles
reset_shapes
resize_children
select_first
select_item
selection_add_target
selection_add_targets
selection_clear
selection_clear_targets
selection_convert
selection_owner_set
selection_remove_all
send_expose
set_accel_group
set_accel_path
set_active
set_app_paintable
set_border_width
set_child_visible
set_colormap
set_composite_name
set_data
set_default_colormap
set_default_direction
set_direction
set_double_buffered
set_events
set_extension_events
set_flags
set_focus_chain
set_focus_child
set_focus_hadjustment
set_focus_vadjustment
set_menu_accel_path
set_monitor
set_name
set_no_show_all
set_parent
set_parent_window
set_property
set_reallocate_redraws
set_redraw_on_allocate
set_resize_mode
set_screen
set_scroll_adjustments
set_sensitive
set_size_request
set_state
set_style
set_take_focus
set_tearoff_state
set_title
set_uposition
set_usize
set_visible
shape_combine_mask
show
show_all
show_now
signal_list_ids
signal_list_names
signal_query
size_allocate
size_request
stop_emission
style_get_property
thaw_child_notify
thaw_notify
translate_coordinates
unblock
unmap
unparent
unrealize
unset_flags
unset_focus_chain
