__construct
__tostring
activate
add
add_accelerator
add_events
add_mnemonic_label
append_page
append_page_menu
block
can_activate_accel
check_resize
child_focus
child_notify
child_type
children
class_path
connect
connect_after
connect_object
connect_object_after
connect_simple
connect_simple_after
create_pango_context
create_pango_layout
current_page
destroy
disconnect
drag_begin
drag_check_threshold
drag_dest_add_image_targets
drag_dest_add_text_targets
drag_dest_add_uri_targets
drag_dest_find_target
drag_dest_get_target_list
drag_dest_get_track_motion
drag_dest_set
drag_dest_set_proxy
drag_dest_set_target_list
drag_dest_set_track_motion
drag_dest_unset
drag_get_data
drag_highlight
drag_source_add_image_targets
drag_source_add_text_targets
drag_source_add_uri_targets
drag_source_get_target_list
drag_source_set
drag_source_set_icon
drag_source_set_icon_name
drag_source_set_icon_pixbuf
drag_source_set_icon_stock
drag_source_set_target_list
drag_source_unset
drag_unhighlight
draw
emit
emit_stop_by_name
ensure_style
event
flags
freeze_child_notify
freeze_notify
get_accessible
get_action
get_allocation
get_ancestor
get_border_width
get_child_requisition
get_child_visible
get_children
get_clipboard
get_colormap
get_composite_name
get_current_page
get_data
get_default_colormap
get_default_direction
get_default_style
get_default_visual
get_direction
get_display
get_events
get_extension_events
get_focus_chain
get_focus_hadjustment
get_focus_vadjustment
get_group_id
get_menu_label
get_menu_label_text
get_modifier_style
get_n_pages
get_name
get_no_show_all
get_nth_page
get_pango_context
get_parent
get_parent_window
get_pointer
get_property
get_resize_mode
get_root_window
get_screen
get_scrollable
get_settings
get_show_border
get_show_tabs
get_size_request
get_style
get_tab_detachable
get_tab_label
get_tab_label_text
get_tab_pos
get_tab_reorderable
get_toplevel
get_visual
grab_add
grab_default
grab_focus
grab_remove
has_screen
hide
hide_all
hide_on_delete
input_shape_combine_mask
insert_page
insert_page_menu
intersect
is_ancestor
is_composited
is_connected
is_focus
is_visible
list_mnemonic_labels
map
mnemonic_activate
modify_base
modify_bg
modify_fg
modify_font
modify_style
modify_text
next_page
notify
page_num
path
pop_colormap
pop_composite_child
popup_disable
popup_enable
prepend_page
prepend_page_menu
prev_page
propagate_expose
push_colormap
push_composite_child
query_tab_label_packing
queue_clear
queue_clear_area
queue_draw
queue_draw_area
queue_resize
queue_resize_no_redraw
rc_get_style
realize
remove
remove_accelerator
remove_mnemonic_label
remove_page
render_icon
reorder_child
reparent
reset_rc_styles
reset_shapes
resize_children
selection_add_target
selection_add_targets
selection_clear
selection_clear_targets
selection_convert
selection_owner_set
selection_remove_all
send_expose
set_accel_path
set_app_paintable
set_border_width
set_child_visible
set_colormap
set_composite_name
set_current_page
set_data
set_default_colormap
set_default_direction
set_direction
set_double_buffered
set_events
set_extension_events
set_flags
set_focus_chain
set_focus_child
set_focus_hadjustment
set_focus_vadjustment
set_group_id
set_homogeneous_tabs
set_menu_label
set_menu_label_text
set_name
set_no_show_all
set_page
set_parent
set_parent_window
set_property
set_reallocate_redraws
set_redraw_on_allocate
set_resize_mode
set_scroll_adjustments
set_scrollable
set_sensitive
set_show_border
set_show_tabs
set_size_request
set_state
set_style
set_tab_border
set_tab_detachable
set_tab_hborder
set_tab_label
set_tab_label_packing
set_tab_label_text
set_tab_pos
set_tab_reorderable
set_tab_vborder
set_uposition
set_usize
set_visible
shape_combine_mask
show
show_all
show_now
signal_list_ids
signal_list_names
signal_query
size_allocate
size_request
stop_emission
style_get_property
thaw_child_notify
thaw_notify
translate_coordinates
unblock
unmap
unparent
unrealize
unset_flags
unset_focus_chain
