__construct
__tostring
block
connect
connect_after
connect_object
connect_object_after
connect_simple
connect_simple_after
copy
disconnect
emit
emit_stop_by_name
freeze_notify
get
get_bool
get_collate
get_data
get_default_source
get_dither
get_double
get_double_with_default
get_duplex
get_finishings
get_int
get_int_with_default
get_length
get_media_type
get_n_copies
get_number_up
get_orientation
get_output_bin
get_page_set
get_paper_height
get_paper_size
get_paper_width
get_print_pages
get_printer
get_property
get_quality
get_resolution
get_reverse
get_scale
get_use_color
has_key
is_connected
notify
set
set_bool
set_collate
set_data
set_default_source
set_dither
set_double
set_duplex
set_finishings
set_int
set_length
set_media_type
set_n_copies
set_number_up
set_orientation
set_output_bin
set_page_set
set_paper_height
set_paper_size
set_paper_width
set_print_pages
set_printer
set_property
set_quality
set_resolution
set_reverse
set_scale
set_use_color
signal_list_ids
signal_list_names
signal_query
stop_emission
thaw_notify
unblock
unset
