__construct
__tostring
activate
add_accelerator
add_events
add_mnemonic_label
append_text
block
can_activate_accel
child_focus
child_notify
class_path
configure
connect
connect_after
connect_object
connect_object_after
connect_simple
connect_simple_after
copy_clipboard
create_pango_context
create_pango_layout
cut_clipboard
delete_selection
delete_text
destroy
disconnect
drag_begin
drag_check_threshold
drag_dest_add_image_targets
drag_dest_add_text_targets
drag_dest_add_uri_targets
drag_dest_find_target
drag_dest_get_target_list
drag_dest_get_track_motion
drag_dest_set
drag_dest_set_proxy
drag_dest_set_target_list
drag_dest_set_track_motion
drag_dest_unset
drag_get_data
drag_highlight
drag_source_add_image_targets
drag_source_add_text_targets
drag_source_add_uri_targets
drag_source_get_target_list
drag_source_set
drag_source_set_icon
drag_source_set_icon_name
drag_source_set_icon_pixbuf
drag_source_set_icon_stock
drag_source_set_target_list
drag_source_unset
drag_unhighlight
draw
editing_done
emit
emit_stop_by_name
ensure_style
event
flags
freeze_child_notify
freeze_notify
get_accessible
get_action
get_activates_default
get_adjustment
get_alignment
get_allocation
get_ancestor
get_chars
get_child_requisition
get_child_visible
get_clipboard
get_colormap
get_completion
get_composite_name
get_data
get_default_colormap
get_default_direction
get_default_style
get_default_visual
get_digits
get_direction
get_display
get_editable
get_events
get_extension_events
get_has_frame
get_increments
get_inner_border
get_invisible_char
get_layout
get_layout_offsets
get_max_length
get_modifier_style
get_name
get_no_show_all
get_numeric
get_pango_context
get_parent
get_parent_window
get_pointer
get_position
get_property
get_range
get_root_window
get_screen
get_selection_bounds
get_settings
get_size_request
get_snap_to_ticks
get_style
get_text
get_toplevel
get_update_policy
get_value
get_value_as_int
get_visibility
get_visual
get_width_chars
get_wrap
grab_add
grab_default
grab_focus
grab_remove
has_screen
hide
hide_all
hide_on_delete
input_shape_combine_mask
insert_text
intersect
is_ancestor
is_composited
is_connected
is_focus
is_visible
list_mnemonic_labels
map
mnemonic_activate
modify_base
modify_bg
modify_fg
modify_font
modify_style
modify_text
new_with_range
notify
paste_clipboard
path
pop_colormap
pop_composite_child
prepend_text
push_colormap
push_composite_child
queue_clear
queue_clear_area
queue_draw
queue_draw_area
queue_resize
queue_resize_no_redraw
rc_get_style
realize
remove_accelerator
remove_mnemonic_label
remove_widget
render_icon
reparent
reset_rc_styles
reset_shapes
select_region
selection_add_target
selection_add_targets
selection_clear
selection_clear_targets
selection_convert
selection_owner_set
selection_remove_all
send_expose
set_accel_path
set_activates_default
set_adjustment
set_alignment
set_app_paintable
set_child_visible
set_colormap
set_completion
set_composite_name
set_data
set_default_colormap
set_default_direction
set_digits
set_direction
set_double_buffered
set_editable
set_events
set_extension_events
set_flags
set_has_frame
set_increments
set_inner_border
set_invisible_char
set_max_length
set_name
set_no_show_all
set_numeric
set_parent
set_parent_window
set_position
set_property
set_range
set_redraw_on_allocate
set_scroll_adjustments
set_sensitive
set_size_request
set_snap_to_ticks
set_state
set_style
set_text
set_update_policy
set_uposition
set_usize
set_value
set_visibility
set_visible
set_width_chars
set_wrap
shape_combine_mask
show
show_all
show_now
signal_list_ids
signal_list_names
signal_query
size_allocate
size_request
spin
start_editing
stop_emission
style_get_property
thaw_child_notify
thaw_notify
translate_coordinates
unblock
unmap
unparent
unrealize
unset_flags
update
