__construct
__tostring
activate
add
add_accelerator
add_events
add_mnemonic_label
add_ref_document
add_styled_text
add_text
allocate
append_text
assign_cmd_key
auto_cactive
auto_ccancel
auto_ccomplete
auto_cget_auto_hide
auto_cget_cancel_at_start
auto_cget_choose_single
auto_cget_current
auto_cget_drop_rest_of_word
auto_cget_ignore_case
auto_cget_max_height
auto_cget_max_width
auto_cget_separator
auto_cget_type_separator
auto_cpos_start
auto_cselect
auto_cset_auto_hide
auto_cset_cancel_at_start
auto_cset_choose_single
auto_cset_drop_rest_of_word
auto_cset_fill_ups
auto_cset_ignore_case
auto_cset_max_height
auto_cset_max_width
auto_cset_separator
auto_cset_type_separator
auto_cshow
auto_cstops
back_tab
begin_undo_action
block
brace_bad_light
brace_highlight
brace_match
call_tip_active
call_tip_cancel
call_tip_pos_start
call_tip_set_back
call_tip_set_fore
call_tip_set_fore_hlt
call_tip_set_hlt
call_tip_show
call_tip_use_style
can_activate_accel
can_paste
can_redo
can_undo
cancel
char_left
char_left_extend
char_left_rect_extend
char_right
char_right_extend
char_right_rect_extend
check_resize
child_focus
child_notify
child_type
children
choose_caret_x
class_path
clear
clear_all
clear_all_cmd_keys
clear_cmd_key
clear_document_style
clear_registered_images
colourise
connect
connect_after
connect_object
connect_object_after
connect_simple
connect_simple_after
convert_eols
copy
copy_range
copy_text
create_document
create_pango_context
create_pango_layout
cut
del_line_left
del_line_right
del_word_left
del_word_right
delete_back
delete_back_not_line
destroy
disconnect
doc_line_from_visible
document_end
document_end_extend
document_start
document_start_extend
drag_begin
drag_check_threshold
drag_dest_add_image_targets
drag_dest_add_text_targets
drag_dest_add_uri_targets
drag_dest_find_target
drag_dest_get_target_list
drag_dest_get_track_motion
drag_dest_set
drag_dest_set_proxy
drag_dest_set_target_list
drag_dest_set_track_motion
drag_dest_unset
drag_get_data
drag_highlight
drag_source_add_image_targets
drag_source_add_text_targets
drag_source_add_uri_targets
drag_source_get_target_list
drag_source_set
drag_source_set_icon
drag_source_set_icon_name
drag_source_set_icon_pixbuf
drag_source_set_icon_stock
drag_source_set_target_list
drag_source_unset
drag_unhighlight
draw
edit_toggle_overtype
emit
emit_stop_by_name
empty_undo_buffer
encoded_from_utf8
end_undo_action
ensure_style
ensure_visible
ensure_visible_enforce_policy
event
find_column
find_text
flags
form_feed
format_range
freeze_child_notify
freeze_notify
get_accessible
get_action
get_allocation
get_ancestor
get_anchor
get_backspace_unindents
get_border_width
get_buffered_draw
get_caret_fore
get_caret_line_back
get_caret_line_back_alpha
get_caret_line_visible
get_caret_period
get_caret_sticky
get_caret_width
get_char_at
get_child_requisition
get_child_visible
get_children
get_clipboard
get_code_page
get_colormap
get_column
get_composite_name
get_control_char_symbol
get_cur_line
get_current_pos
get_cursor
get_data
get_default_colormap
get_default_direction
get_default_style
get_default_visual
get_direct_function
get_direct_pointer
get_direction
get_display
get_doc_pointer
get_edge_colour
get_edge_column
get_edge_mode
get_end_at_last_line
get_end_styled
get_eol_mode
get_events
get_extension_events
get_first_visible_line
get_focus
get_focus_chain
get_focus_hadjustment
get_focus_vadjustment
get_fold_expanded
get_fold_level
get_fold_parent
get_highlight_guide
get_hotspot_active_back
get_hotspot_active_fore
get_hotspot_active_underline
get_hotspot_single_line
get_hscroll_bar
get_indent
get_indentation_guides
get_last_child
get_layout_cache
get_length
get_lexer
get_line
get_line_count
get_line_end_position
get_line_indent_position
get_line_indentation
get_line_sel_end_position
get_line_sel_start_position
get_line_state
get_line_visible
get_margin_left
get_margin_mask_n
get_margin_right
get_margin_sensitive_n
get_margin_type_n
get_margin_width_n
get_max_line_state
get_mod_event_mask
get_modifier_style
get_modify
get_mouse_down_captures
get_mouse_dwell_time
get_name
get_no_show_all
get_overtype
get_pango_context
get_parent
get_parent_window
get_paste_convert_endings
get_pointer
get_print_colour_mode
get_print_magnification
get_print_wrap_mode
get_property
get_property_expanded
get_property_int
get_read_only
get_resize_mode
get_root_window
get_screen
get_scroll_width
get_search_flags
get_sel_alpha
get_sel_eol_filled
get_sel_text
get_selection_end
get_selection_mode
get_selection_start
get_settings
get_size_request
get_status
get_style
get_style_at
get_style_bits
get_style_bits_needed
get_styled_text
get_tab_indents
get_tab_width
get_target_end
get_target_start
get_text
get_text_length
get_text_range
get_toplevel
get_two_phase_draw
get_undo_collection
get_use_palette
get_use_tabs
get_view_eol
get_view_ws
get_visual
get_vscroll_bar
get_wrap_mode
get_wrap_start_indent
get_wrap_visual_flags
get_wrap_visual_flags_location
get_xoffset
get_zoom
goto_line
goto_pos
grab_add
grab_default
grab_focus
grab_remove
has_screen
hide
hide_all
hide_lines
hide_on_delete
hide_selection
home
home_display
home_display_extend
home_extend
home_rect_extend
home_wrap
home_wrap_extend
indic_get_fore
indic_get_style
indic_set_fore
indic_set_style
input_shape_combine_mask
insert_text
intersect
is_ancestor
is_composited
is_connected
is_focus
is_visible
line_copy
line_cut
line_delete
line_down
line_down_extend
line_down_rect_extend
line_duplicate
line_end
line_end_display
line_end_display_extend
line_end_extend
line_end_rect_extend
line_end_wrap
line_end_wrap_extend
line_from_position
line_length
line_scroll
line_scroll_down
line_scroll_up
line_transpose
line_up
line_up_extend
line_up_rect_extend
lines_join
lines_on_screen
lines_split
list_mnemonic_labels
load_lexer_library
lower_case
map
marker_add
marker_add_set
marker_define
marker_define_pixmap
marker_delete
marker_delete_all
marker_delete_handle
marker_get
marker_line_from_handle
marker_next
marker_previous
marker_set_alpha
marker_set_back
marker_set_fore
mnemonic_activate
modify_base
modify_bg
modify_fg
modify_font
modify_style
modify_text
move_caret_inside_view
new_line
notify
null
page_down
page_down_extend
page_down_rect_extend
page_up
page_up_extend
page_up_rect_extend
para_down
para_down_extend
para_up
para_up_extend
paste
path
point_xfrom_position
point_yfrom_position
pop_colormap
pop_composite_child
position_after
position_before
position_from_line
position_from_point
position_from_point_close
propagate_expose
push_colormap
push_composite_child
queue_clear
queue_clear_area
queue_draw
queue_draw_area
queue_resize
queue_resize_no_redraw
rc_get_style
realize
redo
register_image
release_document
remove
remove_accelerator
remove_mnemonic_label
render_icon
reparent
replace_sel
replace_target
replace_target_re
reset_rc_styles
reset_shapes
resize_children
scroll_caret
search_anchor
search_in_target
search_next
search_prev
select_all
selection_add_target
selection_add_targets
selection_clear
selection_clear_targets
selection_convert
selection_duplicate
selection_is_rectangle
selection_owner_set
selection_remove_all
send_expose
set_accel_path
set_anchor
set_app_paintable
set_backspace_unindents
set_border_width
set_buffered_draw
set_caret_fore
set_caret_line_back
set_caret_line_back_alpha
set_caret_line_visible
set_caret_period
set_caret_sticky
set_caret_width
set_chars_default
set_child_visible
set_code_page
set_colormap
set_composite_name
set_control_char_symbol
set_current_pos
set_cursor
set_data
set_default_colormap
set_default_direction
set_direction
set_doc_pointer
set_double_buffered
set_edge_colour
set_edge_column
set_edge_mode
set_end_at_last_line
set_eol_mode
set_events
set_extension_events
set_flags
set_focus
set_focus_chain
set_focus_child
set_focus_hadjustment
set_focus_vadjustment
set_fold_expanded
set_fold_flags
set_fold_level
set_fold_margin_colour
set_fold_margin_hi_colour
set_highlight_guide
set_hotspot_active_back
set_hotspot_active_fore
set_hotspot_active_underline
set_hotspot_single_line
set_hscroll_bar
set_indent
set_indentation_guides
set_keywords
set_layout_cache
set_length_for_encode
set_lexer
set_lexer_language
set_line_indentation
set_line_state
set_margin_left
set_margin_mask_n
set_margin_right
set_margin_sensitive_n
set_margin_type_n
set_margin_width_n
set_mod_event_mask
set_mouse_down_captures
set_mouse_dwell_time
set_name
set_no_show_all
set_overtype
set_parent
set_parent_window
set_paste_convert_endings
set_print_colour_mode
set_print_magnification
set_print_wrap_mode
set_property
set_read_only
set_reallocate_redraws
set_redraw_on_allocate
set_resize_mode
set_save_point
set_scroll_adjustments
set_scroll_width
set_search_flags
set_sel
set_sel_alpha
set_sel_back
set_sel_eol_filled
set_sel_fore
set_selection_end
set_selection_mode
set_selection_start
set_sensitive
set_size_request
set_state
set_status
set_style
set_style_bits
set_styling
set_styling_ex
set_tab_indents
set_tab_width
set_target_end
set_target_start
set_text
set_two_phase_draw
set_undo_collection
set_uposition
set_use_palette
set_use_tabs
set_usize
set_view_eol
set_view_ws
set_visible
set_visible_policy
set_vscroll_bar
set_whitespace_back
set_whitespace_chars
set_whitespace_fore
set_word_chars
set_wrap_mode
set_wrap_start_indent
set_wrap_visual_flags
set_wrap_visual_flags_location
set_xcaret_policy
set_xoffset
set_ycaret_policy
set_zoom
shape_combine_mask
show
show_all
show_lines
show_now
signal_list_ids
signal_list_names
signal_query
size_allocate
size_request
start_record
start_styling
stop_emission
stop_record
stuttered_page_down
stuttered_page_down_extend
stuttered_page_up
stuttered_page_up_extend
style_clear_all
style_get_back
style_get_bold
style_get_case
style_get_changeable
style_get_character_set
style_get_eol_filled
style_get_font
style_get_fore
style_get_hot_spot
style_get_italic
style_get_property
style_get_size
style_get_underline
style_get_visible
style_reset_default
style_set_back
style_set_bold
style_set_case
style_set_changeable
style_set_character_set
style_set_eol_filled
style_set_font
style_set_fore
style_set_hot_spot
style_set_italic
style_set_size
style_set_underline
style_set_visible
tab
target_as_utf8
target_from_selection
text_height
text_width
thaw_child_notify
thaw_notify
toggle_caret_sticky
toggle_fold
translate_coordinates
unblock
undo
unmap
unparent
unrealize
unset_flags
unset_focus_chain
upper_case
use_pop_up
user_list_show
vchome
vchome_extend
vchome_rect_extend
vchome_wrap
vchome_wrap_extend
visible_from_doc_line
word_end_position
word_left
word_left_end
word_left_end_extend
word_left_extend
word_part_left
word_part_left_extend
word_part_right
word_part_right_extend
word_right
word_right_end
word_right_end_extend
word_right_extend
word_start_position
wrap_count
zoom_in
zoom_out
