__construct
__tostring
activate
add
add_accelerator
add_events
add_mnemonic_label
append_column
block
can_activate_accel
check_resize
child_focus
child_notify
child_type
children
class_path
collapse_all
collapse_row
columns_autosize
connect
connect_after
connect_object
connect_object_after
connect_simple
connect_simple_after
create_pango_context
create_pango_layout
create_row_drag_icon
destroy
disconnect
drag_begin
drag_check_threshold
drag_dest_add_image_targets
drag_dest_add_text_targets
drag_dest_add_uri_targets
drag_dest_find_target
drag_dest_get_target_list
drag_dest_get_track_motion
drag_dest_set
drag_dest_set_proxy
drag_dest_set_target_list
drag_dest_set_track_motion
drag_dest_unset
drag_get_data
drag_highlight
drag_source_add_image_targets
drag_source_add_text_targets
drag_source_add_uri_targets
drag_source_get_target_list
drag_source_set
drag_source_set_icon
drag_source_set_icon_name
drag_source_set_icon_pixbuf
drag_source_set_icon_stock
drag_source_set_target_list
drag_source_unset
drag_unhighlight
draw
emit
emit_stop_by_name
enable_model_drag_dest
enable_model_drag_source
ensure_style
event
expand_all
expand_row
expand_to_path
flags
freeze_child_notify
freeze_notify
get_accessible
get_action
get_allocation
get_ancestor
get_background_area
get_bin_window
get_border_width
get_cell_area
get_child_requisition
get_child_visible
get_children
get_clipboard
get_colormap
get_column
get_columns
get_composite_name
get_cursor
get_data
get_default_colormap
get_default_direction
get_default_style
get_default_visual
get_dest_row_at_pos
get_direction
get_display
get_drag_dest_row
get_enable_search
get_enable_tree_lines
get_events
get_expander_column
get_extension_events
get_fixed_height_mode
get_focus_chain
get_focus_hadjustment
get_focus_vadjustment
get_grid_lines
get_hadjustment
get_headers_clickable
get_headers_visible
get_hover_expand
get_hover_selection
get_model
get_modifier_style
get_name
get_no_show_all
get_pango_context
get_parent
get_parent_window
get_path_at_pos
get_pointer
get_property
get_reorderable
get_resize_mode
get_root_window
get_rubber_banding
get_rules_hint
get_screen
get_search_column
get_search_entry
get_selection
get_settings
get_size_request
get_style
get_toplevel
get_vadjustment
get_visible_range
get_visible_rect
get_visual
grab_add
grab_default
grab_focus
grab_remove
has_screen
hide
hide_all
hide_on_delete
input_shape_combine_mask
insert_column
insert_column_with_data_func
intersect
is_ancestor
is_composited
is_connected
is_focus
is_visible
list_mnemonic_labels
map
mnemonic_activate
modify_base
modify_bg
modify_fg
modify_font
modify_style
modify_text
move_column_after
notify
path
pop_colormap
pop_composite_child
propagate_expose
push_colormap
push_composite_child
queue_clear
queue_clear_area
queue_draw
queue_draw_area
queue_resize
queue_resize_no_redraw
rc_get_style
realize
remove
remove_accelerator
remove_column
remove_mnemonic_label
render_icon
reparent
reset_rc_styles
reset_shapes
resize_children
row_activated
row_expanded
scroll_to_cell
scroll_to_point
selection_add_target
selection_add_targets
selection_clear
selection_clear_targets
selection_convert
selection_owner_set
selection_remove_all
send_expose
set_accel_path
set_app_paintable
set_border_width
set_child_visible
set_colormap
set_column_drag_function
set_composite_name
set_cursor
set_cursor_on_cell
set_data
set_default_colormap
set_default_direction
set_direction
set_double_buffered
set_drag_dest_row
set_enable_search
set_enable_tree_lines
set_events
set_expander_column
set_extension_events
set_fixed_height_mode
set_flags
set_focus_chain
set_focus_child
set_focus_hadjustment
set_focus_vadjustment
set_grid_lines
set_hadjustment
set_headers_clickable
set_headers_visible
set_hover_expand
set_hover_selection
set_model
set_name
set_no_show_all
set_parent
set_parent_window
set_property
set_reallocate_redraws
set_redraw_on_allocate
set_reorderable
set_resize_mode
set_row_separator_func
set_rubber_banding
set_rules_hint
set_scroll_adjustments
set_search_column
set_search_entry
set_search_equal_func
set_sensitive
set_size_request
set_state
set_style
set_uposition
set_usize
set_vadjustment
set_visible
shape_combine_mask
show
show_all
show_now
signal_list_ids
signal_list_names
signal_query
size_allocate
size_request
stop_emission
style_get_property
thaw_child_notify
thaw_notify
translate_coordinates
tree_to_widget_coords
unblock
unmap
unparent
unrealize
unset_flags
unset_focus_chain
unset_rows_drag_dest
unset_rows_drag_source
widget_to_tree_coords
