__construct
__tostring
add_attribute
block
cell_get_position
cell_get_size
cell_is_visible
cell_set_cell_data
clear
clear_attributes
clicked
connect
connect_after
connect_object
connect_object_after
connect_simple
connect_simple_after
destroy
disconnect
emit
emit_stop_by_name
flags
focus_cell
freeze_notify
get_alignment
get_cell_renderers
get_clickable
get_data
get_expand
get_fixed_width
get_max_width
get_min_width
get_property
get_reorderable
get_resizable
get_sizing
get_sort_column_id
get_sort_indicator
get_sort_order
get_spacing
get_title
get_visible
get_widget
get_width
is_connected
notify
pack_end
pack_start
queue_resize
reorder
set_alignment
set_attributes
set_cell_data_func
set_clickable
set_data
set_expand
set_fixed_width
set_flags
set_max_width
set_min_width
set_property
set_reorderable
set_resizable
set_sizing
set_sort_column_id
set_sort_indicator
set_sort_order
set_spacing
set_title
set_visible
set_widget
signal_list_ids
signal_list_names
signal_query
stop_emission
thaw_notify
unblock
unset_flags
