AppendIterator
ArrayIterator
ArrayObject
Atk
AtkHyperlink
AtkNoOpObject
AtkNoOpObjectFactory
AtkObject
AtkObjectFactory
AtkRegistry
AtkRelation
AtkRelationSet
AtkStateSet
AtkUtil
BadFunctionCallException
BadMethodCallException
COMPersistHelper
CachingIterator
DOMAttr
DOMCdataSection
DOMCharacterData
DOMComment
DOMConfiguration
DOMDocument
DOMDocumentFragment
DOMDocumentType
DOMElement
DOMEntity
DOMEntityReference
DOMErrorHandler
DOMException
DOMImplementation
DOMImplementationList
DOMImplementationSource
DOMNameList
DOMNamedNodeMap
DOMNode
DOMNodeList
DOMProcessingInstruction
DOMStringExtend
DOMStringList
DOMText
DOMUserDataHandler
DOMXPath
DateTime
DateTimeZone
Directory
DirectoryIterator
DomainException
EmptyIterator
ErrorException
Exception
FilterIterator
GBoxed
GObject
GPointer
Gdk
GdkAtom
GdkColor
GdkColormap
GdkCursor
GdkDevice
GdkDisplay
GdkDisplayManager
GdkDragContext
GdkDrawable
GdkEvent
GdkFont
GdkGC
GdkImage
GdkKeymap
GdkPixbuf
GdkPixbufAnimation
GdkPixbufAnimationIter
GdkPixbufLoader
GdkPixmap
GdkRectangle
GdkScreen
GdkVisual
GdkWindow
Glade
GladeXML
Gtk
GtkAboutDialog
GtkAccelGroup
GtkAccelLabel
GtkAccessible
GtkAction
GtkActionGroup
GtkAdjustment
GtkAlignment
GtkArrow
GtkAspectFrame
GtkAssistant
GtkBin
GtkBorder
GtkBox
GtkButton
GtkButtonBox
GtkCList
GtkCTree
GtkCTreeNode
GtkCalendar
GtkCellRenderer
GtkCellRendererAccel
GtkCellRendererCombo
GtkCellRendererPixbuf
GtkCellRendererProgress
GtkCellRendererSpin
GtkCellRendererText
GtkCellRendererToggle
GtkCellView
GtkCheckButton
GtkCheckMenuItem
GtkClipboard
GtkColorButton
GtkColorSelection
GtkColorSelectionDialog
GtkCombo
GtkComboBox
GtkComboBoxEntry
GtkContainer
GtkCurve
GtkDialog
GtkDrawingArea
GtkEntry
GtkEntryCompletion
GtkEventBox
GtkExpander
GtkFileChooserButton
GtkFileChooserDialog
GtkFileChooserWidget
GtkFileFilter
GtkFileSelection
GtkFixed
GtkFontButton
GtkFontSelection
GtkFontSelectionDialog
GtkFrame
GtkGammaCurve
GtkHBox
GtkHButtonBox
GtkHPaned
GtkHRuler
GtkHScale
GtkHScrollbar
GtkHSeparator
GtkHandleBox
GtkIMContext
GtkIMContextSimple
GtkIMMulticontext
GtkIconFactory
GtkIconInfo
GtkIconSet
GtkIconSource
GtkIconTheme
GtkIconView
GtkImage
GtkImageMenuItem
GtkInputDialog
GtkInvisible
GtkItem
GtkItemFactory
GtkLabel
GtkLayout
GtkLinkButton
GtkList
GtkListItem
GtkListStore
GtkMenu
GtkMenuBar
GtkMenuItem
GtkMenuShell
GtkMenuToolButton
GtkMessageDialog
GtkMisc
GtkNotebook
GtkObject
GtkOldEditable
GtkOptionMenu
GtkPageSetup
GtkPaned
GtkPaperSize
GtkPixmap
GtkPlug
GtkPreview
GtkPrintContext
GtkPrintOperation
GtkPrintSettings
GtkProgress
GtkProgressBar
GtkRadioAction
GtkRadioButton
GtkRadioMenuItem
GtkRadioToolButton
GtkRange
GtkRcStyle
GtkRecentChooserDialog
GtkRecentChooserMenu
GtkRecentChooserWidget
GtkRecentFilter
GtkRecentInfo
GtkRecentManager
GtkRequisition
GtkRuler
GtkScale
GtkScintilla
GtkScrollbar
GtkScrolledWindow
GtkSelectionData
GtkSeparator
GtkSeparatorMenuItem
GtkSeparatorToolItem
GtkSettings
GtkSizeGroup
GtkSocket
GtkSpinButton
GtkStatusIcon
GtkStatusbar
GtkStyle
GtkTable
GtkTargetList
GtkTearoffMenuItem
GtkTextAttributes
GtkTextBuffer
GtkTextChildAnchor
GtkTextIter
GtkTextMark
GtkTextTag
GtkTextTagTable
GtkTextView
GtkToggleAction
GtkToggleButton
GtkToggleToolButton
GtkToolButton
GtkToolItem
GtkToolbar
GtkTooltips
GtkTreeIter
GtkTreeModelFilter
GtkTreeModelRow
GtkTreeModelSort
GtkTreeRowReference
GtkTreeSelection
GtkTreeStore
GtkTreeView
GtkTreeViewColumn
GtkUIManager
GtkVBox
GtkVButtonBox
GtkVPaned
GtkVRuler
GtkVScale
GtkVScrollbar
GtkVSeparator
GtkViewport
GtkWidget
GtkWindow
GtkWindowGroup
InfiniteIterator
InvalidArgumentException
IteratorIterator
LengthException
LimitIterator
LogicException
NoRewindIterator
OutOfBoundsException
OutOfRangeException
OverflowException
Pango
PangoAttrList
PangoColor
PangoContext
PangoFont
PangoFontDescription
PangoFontFace
PangoFontFamily
PangoFontMap
PangoFontMetrics
PangoFontset
PangoFontsetSimple
PangoGlyphString
PangoLanguage
PangoLayout
PangoLayoutIter
PangoTabArray
ParentIterator
PhpGtkConstructException
PhpGtkCustomTreeModel
PhpGtkException
PhpGtkGErrorException
PhpGtkTypeException
RangeException
RecursiveArrayIterator
RecursiveCachingIterator
RecursiveDirectoryIterator
RecursiveFilterIterator
RecursiveIteratorIterator
RecursiveRegexIterator
Reflection
ReflectionClass
ReflectionException
ReflectionExtension
ReflectionFunction
ReflectionFunctionAbstract
ReflectionMethod
ReflectionObject
ReflectionParameter
ReflectionProperty
RegexIterator
RuntimeException
SimpleXMLElement
SimpleXMLIterator
SplFileInfo
SplFileObject
SplObjectStorage
SplTempFileObject
UnderflowException
UnexpectedValueException
XMLReader
XMLWriter
com_exception
php_user_filter
